; 0.  1: # 1 "04-test4.oc"; 1.  0: 
; 1.  1: # 1 "<built-in>"
; 2.  1: # 1 "<command-line>"
; 3.  1: # 1 "04-test4.oc"
; 4.  1: 
; 4.  2: 
; 4.  3: # 1 "oclib.h" 1
; 5.  1: # 22 "oclib.h"
; 6. 22: void fail (string expr, string file, int line);
; 6. 23: 
; 6. 24: void putchr (int chr);
; 6. 25: void putint (int num);
; 6. 26: void putstr (string str);
; 6. 27: 
; 6. 28: int getchr();
; 6. 29: string getstr();
; 6. 30: string getln();
; 6. 31: # 4 "04-test4.oc" 2
; 7.  4: 
; 7.  5: struct foo {
; 7.  6:    int a;
; 7.  7: };
; 7.  8: 
; 7.  9: int main() {
; 7. 10:    int a = 6;
; 7. 11:    ptr<struct foo> b = alloc<struct foo>();
; 7. 12:    b->a = 8;
; 7. 13:    a = a * b->a + 6;;
; 7. 14:    putint (a);
; 7. 15:    putchr (' ');
; 7. 16:    putint (b->a);
; 7. 17:    putchr ('\n');
; 7. 18:    return 0;
; 7. 19: }
