; 0.  1: # 1 "10-hundred.oc"; 1.  0: 
; 1.  1: # 1 "<built-in>"
; 2.  1: # 1 "<command-line>"
; 3.  1: # 1 "10-hundred.oc"
; 4.  1: 
; 4.  2: 
; 4.  3: # 1 "oclib.h" 1
; 5.  1: # 22 "oclib.h"
; 6. 22: void fail (string expr, string file, int line);
; 6. 23: 
; 6. 24: void putchr (int chr);
; 6. 25: void putint (int num);
; 6. 26: void putstr (string str);
; 6. 27: 
; 6. 28: int getchr();
; 6. 29: string getstr();
; 6. 30: string getln();
; 6. 31: # 4 "10-hundred.oc" 2
; 7.  4: 
; 7.  5: int main() {
; 7.  6:    int count = 0;
; 7.  7:    while (count < 16) {
; 7.  8:       count = count + 1;
; 7.  9:       putint (count);
; 7. 10:       putchr ('\n');
; 7. 11:    }
; 7. 12:    return 0;
; 7. 13: }
hello