; 0.  1: # 1 "31-fib-2supn.oc"; 1.  0: 
; 1.  1: # 1 "<built-in>"
; 2.  1: # 1 "<command-line>"
; 3.  1: # 1 "31-fib-2supn.oc"
; 4.  1: 
; 4.  2: 
; 4.  3: 
; 4.  4: 
; 4.  5: 
; 4.  6: # 1 "oclib.h" 1
; 5.  1: # 22 "oclib.h"
; 6. 22: void fail (string expr, string file, int line);
; 6. 23: 
; 6. 24: void putchr (int chr);
; 6. 25: void putint (int num);
; 6. 26: void putstr (string str);
; 6. 27: 
; 6. 28: int getchr();
; 6. 29: string getstr();
; 6. 30: string getln();
; 6. 31: # 7 "31-fib-2supn.oc" 2
; 7.  7: 
; 7.  8: int fibonacci (int n) {
; 7.  9:    if (n < 2) return n;
; 7. 10:    return fibonacci (n - 1) + fibonacci (n - 2);
; 7. 11: }
; 7. 12: 
; 7. 13: int main() {
; 7. 14:    int n = 0;
; 7. 15:    while (n < 10) {
; 7. 16:       putstr ("fibonacci(");
; 7. 17:       putint (n);
; 7. 18:       putstr (") = ");
; 7. 19:       putint (fibonacci (n));
; 7. 20:       putchr ('\n');
; 7. 21:       n = n + 1;
; 7. 22:    }
; 7. 23:    return 0;
; 7. 24: }
