; 0.  1: # 1 "40-arraystack.oc"; 1.  0: 
; 1.  1: # 1 "<built-in>"
; 2.  1: # 1 "<command-line>"
; 3.  1: # 1 "40-arraystack.oc"
; 4.  1: 
; 4.  2: 
; 4.  3: # 1 "oclib.h" 1
; 5.  1: # 22 "oclib.h"
; 6. 22: void fail (string expr, string file, int line);
; 6. 23: 
; 6. 24: void putchr (int chr);
; 6. 25: void putint (int num);
; 6. 26: void putstr (string str);
; 6. 27: 
; 6. 28: int getchr();
; 6. 29: string getstr();
; 6. 30: string getln();
; 6. 31: # 4 "40-arraystack.oc" 2
; 7.  4: 
; 7.  5: 
; 7.  6: 
; 7.  7: struct stack {
; 7.  8:    array<string> data;
; 7.  9:    int size;
; 7. 10:    int top;
; 7. 11: };
; 7. 12: 
; 7. 13: ptr<struct stack> new_stack (int size) {
; 7. 14:    ptr<struct stack> stack = alloc<struct stack>();
; 7. 15:    stack->data = alloc<array<string>> (size);
; 7. 16:    stack->size = size;
; 7. 17:    stack->top = (-1);
; 7. 18:    return stack;
; 7. 19: }
; 7. 20: 
; 7. 21: void push (ptr<struct stack> stack, string str) {
; 7. 22:    {if (not (stack->top < stack->size - 1)) fail ("stack->top < stack->size - 1", "40-arraystack.oc", 22);};
; 7. 23:    stack->top = stack->top + 1;
; 7. 24:    stack->data[stack->top] = str;
; 7. 25: }
; 7. 26: 
; 7. 27: string pop (ptr<struct stack> stack) {
; 7. 28:    string tmp = stack->data[stack->top];
; 7. 29:    {if (not (stack->top != (-1))) fail ("stack->top != EMPTY", "40-arraystack.oc", 29);};
; 7. 30:    stack->top = stack->top - 1;
; 7. 31:    return tmp;
; 7. 32: }
; 7. 33: 
; 7. 34: int empty (ptr<struct stack> stack) {
; 7. 35:    return stack->top == (-1);
; 7. 36: }
; 7. 37: 
; 7. 38: int main (int argc, array<string> argv) {
; 7. 39:    ptr<struct stack> stack = new_stack (100);
; 7. 40:    int argi = 0;
; 7. 41:    while (argi < argc) {
; 7. 42:       push (stack, argv[argi]);
; 7. 43:       argi = argi + 1;
; 7. 44:    }
; 7. 45:    while (not empty (stack)) {
; 7. 46:       putstr (pop (stack));
; 7. 47:       putchr ('\n');
; 7. 48:    }
; 7. 49:    return 0;
; 7. 50: }
hello