; 0.  1: # 1 "51-stringcat.oc"; 1.  0: 
; 1.  1: # 1 "<built-in>"
; 2.  1: # 1 "<command-line>"
; 3.  1: # 1 "51-stringcat.oc"
; 4.  1: 
; 4.  2: 
; 4.  3: 
; 4.  4: 
; 4.  5: 
; 4.  6: # 1 "oclib.h" 1
; 5.  1: # 22 "oclib.h"
; 6. 22: void fail (string expr, string file, int line);
; 6. 23: 
; 6. 24: void putchr (int chr);
; 6. 25: void putint (int num);
; 6. 26: void putstr (string str);
; 6. 27: 
; 6. 28: int getchr();
; 6. 29: string getstr();
; 6. 30: string getln();
; 6. 31: # 7 "51-stringcat.oc" 2
; 7.  7: 
; 7.  8: int strlen (string str) {
; 7.  9:    int len = 0;
; 7. 10:    while (str[len] != '\0') len = len + 1;
; 7. 11:    return len;
; 7. 12: }
; 7. 13: 
; 7. 14: void strcat (string dest, string src) {
; 7. 15:    int pos = strlen (dest);
; 7. 16:    int srcix = 0;
; 7. 17:    while (src[srcix] != '\0') {
; 7. 18:       dest[pos] = src[srcix];
; 7. 19:       pos = pos + 1;
; 7. 20:       srcix = srcix + 1;
; 7. 21:    }
; 7. 22:    dest[pos] = '\0';
; 7. 23: }
; 7. 24: 
; 7. 25: int main (int argc, array<string> argv) {
; 7. 26:    int length = 0;
; 7. 27:    int argi = 1;
; 7. 28:    while (argi < argc) {
; 7. 29:       length = length + strlen (argv[argi]) + 2;
; 7. 30:       argi = argi + 1;
; 7. 31:    }
; 7. 32:    putstr ("concat length = ");
; 7. 33:    putint (length);
; 7. 34:    putchr ('\n');
; 7. 35:    string concat = alloc<string> (length);
; 7. 36:    argi = 1;
; 7. 37:    putchr ('[');
; 7. 38:    while (argi < argc) {
; 7. 39:       strcat (concat, "(");
; 7. 40:       strcat (concat, argv[argi]);
; 7. 41:       strcat (concat, ")");
; 7. 42:       argi = argi + 1;
; 7. 43:    }
; 7. 44:    putstr (concat);
; 7. 45:    putstr ("]\n");
; 7. 46:    return 0;
; 7. 47: }
hello