; 0.  1: # 1 "90-c8q.oc"; 1.  0: 
; 1.  1: # 1 "<built-in>"
; 2.  1: # 1 "<command-line>"
; 3.  1: # 1 "90-c8q.oc"
; 4.  1: char O[9];Q(l,b,d){int o=8,p=1,q=1<<
; 4.  2: l|1<<22-l;for(;l>7?!write(1,O,9):o--
; 4.  3: ;)O[l]=56-o,b&p|d&q||Q(l+1,b|p,d|q),
; 4.  4: p*=2,q*=2;}main(){O[8]=10;Q(0,0,0);}
hello