; 0.  1: # 1 "92-uncomment.oc"; 1.  0: 
; 1.  1: # 1 "<built-in>"
; 2.  1: # 1 "<command-line>"
; 3.  1: # 1 "92-uncomment.oc"
