; 0.  1: # 1 "95-cobol.oc"; 1.  0: 
; 1.  1: # 1 "<built-in>"
; 2.  1: # 1 "<command-line>"
; 3.  1: # 1 "95-cobol.oc"
; 4.  1: 
; 4.  2: 
; 4.  3: 000100 IDENTIFICATION DIVISION.
; 4.  4: 000200 PROGRAM-ID. HELLOWORLD.
; 4.  5: 000300
; 4.  6: 000400*
; 4.  7: 000500 ENVIRONMENT DIVISION.
; 4.  8: 000600 CONFIGURATION SECTION.
; 4.  9: 000700 SOURCE-COMPUTER. RM-COBOL.
; 4. 10: 000800 OBJECT-COMPUTER. RM-COBOL.
; 4. 11: 000900
; 4. 12: 001000 DATA DIVISION.
; 4. 13: 001100 FILE SECTION.
; 4. 14: 001200
; 4. 15: 100000 PROCEDURE DIVISION.
; 4. 16: 100100
; 4. 17: 100200 MAIN-LOGIC SECTION.
; 4. 18: 100300 BEGIN.
; 4. 19: 100400 DISPLAY " " LINE 1 POSITION 1 ERASE EOS.
; 4. 20: 100500 DISPLAY "Hello world!" LINE 15 POSITION 10.
; 4. 21: 100600 STOP RUN.
; 4. 22: 100700 MAIN-LOGIC-EXIT.
; 4. 23: 100800 EXIT.
